 KRNL32

 Timestamp is 57356ab6 (Thu May 12 23:48:38 2016)

 Preferred load address is 00100000

 Start         Length     Name                   Class
 0001:00000000 000006b6H .text                   CODE
 0002:00000000 00000121H .rdata                  DATA
 0003:00000000 00000004H .CRT$XCA                DATA
 0003:00000004 00000004H .CRT$XCZ                DATA
 0003:00000008 00000018H .data                   DATA
 0003:00000020 0000003cH .bss                    DATA
 0004:00000000 00000058H .rsrc$01                DATA
 0004:00000060 00000380H .rsrc$02                DATA

  Address         Publics by Value              Rva+Base       Lib:Object

 0000:00000000       ___safe_se_handler_table   00000000     <absolute>
 0000:00000000       ___safe_se_handler_count   00000000     <absolute>
 0001:00000000       ?DebugPutc@@YAXE@Z         00100400 f   DebugDisplay.obj
 0001:00000070       ?DebugSetColor@@YAII@Z     00100470 f   DebugDisplay.obj
 0001:00000080       ?DebugGotoXY@@YAXII@Z      00100480 f   DebugDisplay.obj
 0001:000000b0       ?DebugClrScr@@YAXG@Z       001004b0 f   DebugDisplay.obj
 0001:000000f0       ?DebugPuts@@YAXPAD@Z       001004f0 f   DebugDisplay.obj
 0001:00000130       ?DebugPrintf@@YAHPBDZZ     00100530 f   DebugDisplay.obj
 0001:00000410       ?kernel_entry@@YAXXZ       00100810 f   entry.obj
 0001:00000450       _main                      00100850 f   main.obj
 0001:00000500       ?strlen@@YAIPBD@Z          00100900 f   Lib:string.obj
 0001:00000530       ?_initterm@@YAXPAP6AXXZ0@Z 00100930 f   Lib:cstd.obj
 0001:00000560       ?_atexit_init@@YAXXZ       00100960 f   Lib:cstd.obj
 0001:00000580       _atexit                    00100980 f   Lib:cstd.obj
 0001:000005d0       ?Exit@@YAXXZ               001009d0 f   Lib:cstd.obj
 0001:00000610       ?InitializeConstructors@@YAXXZ 00100a10 f   Lib:cstd.obj
 0001:00000630       __purecall                 00100a30 f   Lib:cstd.obj
 0001:00000640       ??2@YAPAXI@Z               00100a40 f   Lib:cstd.obj
 0001:00000650       ??_U@YAPAXI@Z              00100a50 f   Lib:cstd.obj
 0001:00000660       ??3@YAXPAX@Z               00100a60 f   Lib:cstd.obj
 0001:00000670       ??_V@YAXPAX@Z              00100a70 f   Lib:cstd.obj
 0001:00000680       __CIcos                    00100a80 f   Lib:cstd.obj
 0001:00000690       __CIsin                    00100a90 f   Lib:cstd.obj
 0001:000006a0       __CIsqrt                   00100aa0 f   Lib:cstd.obj
 0001:000006b0       __ftol2_sse                00100ab0 f   Lib:cstd.obj
 0002:00000000       ??_C@_0DC@NHHANBFB@?6?6I?5am?5preparing?5to?5load?4?4?4?5Hold@ 00100c00     main.obj
 0002:00000034       ??_C@_07CFAMGIEN@?6?$FL0x?$CFx?$FN?$AA@ 00100c34     main.obj
 0002:0000003c       ??_C@_05HPJKAPFK@?6?$FL?$CFi?$FN?$AA@ 00100c3c     main.obj
 0002:00000044       ??_C@_0CH@BOGMIAEI@?6i?5in?5hex?5?4?4?4?4?4?4?4?4?4?4?4?4?4?4?4?4?4?4?4?4?4?4@ 00100c44     main.obj
 0002:0000006c       ??_C@_0CH@MFILIHKL@?6i?5as?5integer?5?4?4?4?4?4?4?4?4?4?4?4?4?4?4?4?4?4?4@ 00100c6c     main.obj
 0002:00000094       ??_C@_0CO@MLNNAIEG@?$CL?9?9?9?9?9?9?9?9?9?9?9?9?9?9?9?9?9?9?9?9?9?9?9?9?9?9?9?9?9?9?9@ 00100c94     main.obj
 0002:000000c4       ??_C@_0CN@PMONMCJE@?$HM?5?5?5?5MOS?532?5Bit?5C?$CL?$CL?5Kernel?5Execu@ 00100cc4     main.obj
 0002:000000f4       ??_C@_0CN@FMGOCDKO@?$CL?9?9?9?9?9?9?9?9?9?9?9?9?9?9?9?9?9?9?9?9?9?9?9?9?9?9?9?9?9?9?9@ 00100cf4     main.obj
 0003:00000000       ?__xc_a@@3PAP6AXXZA        00100e00     Lib:cstd.obj
 0003:00000004       ?__xc_z@@3PAP6AXXZA        00100e04     Lib:cstd.obj
 0003:00000008       ?bchars@@3PADA             00100e08     DebugDisplay.obj
 0003:0000001c       __fltused                  00100e1c     Lib:cstd.obj
 0003:00000020       ?tbuf@@3PADA               00100e20     DebugDisplay.obj

 entry point at        0000:00000000

 Static symbols

